<?xml version="1.0" encoding="UTF-8"?>
<testsuites name="jest tests" tests="12" failures="0" errors="0" time="3.154">
  <testsuite name="undefined" errors="0" failures="0" skipped="0" timestamp="2021-12-01T17:30:34" time="1.278" tests="7">
    <testcase classname=" Test number to Json Equal" name=" Test number to Json Equal" time="0.003">
    </testcase>
    <testcase classname=" Test number to Json Not Equal" name=" Test number to Json Not Equal" time="0.001">
    </testcase>
    <testcase classname=" Test values" name=" Test values" time="0.001">
    </testcase>
    <testcase classname=" Test numeric value" name=" Test numeric value" time="0.002">
    </testcase>
    <testcase classname=" Test floating point" name=" Test floating point" time="0.001">
    </testcase>
    <testcase classname=" Test with array" name=" Test with array" time="0">
    </testcase>
    <testcase classname=" Test exception" name=" Test exception" time="0.004">
    </testcase>
  </testsuite>
  <testsuite name="undefined" errors="0" failures="0" skipped="0" timestamp="2021-12-01T17:30:34" time="1.864" tests="5">
    <testcase classname=" Test sum" name=" Test sum" time="0.003">
    </testcase>
    <testcase classname=" Test sub" name=" Test sub" time="0">
    </testcase>
    <testcase classname=" Test mul" name=" Test mul" time="0">
    </testcase>
    <testcase classname=" Test div" name=" Test div" time="0.001">
    </testcase>
    <testcase classname=" Test div0" name=" Test div0" time="0">
    </testcase>
  </testsuite>
</testsuites>